../Core/Src/main.c:80:5:main	8	static
../Core/Src/main.c:135:6:SystemClock_Config	88	static
../Core/Src/main.c:177:13:MX_I2C1_Init	8	static
../Core/Src/main.c:211:13:MX_TIM3_Init	48	static
../Core/Src/main.c:260:13:MX_TIM4_Init	48	static
../Core/Src/main.c:309:13:MX_USART2_UART_Init	8	static
../Core/Src/main.c:342:13:MX_USART3_UART_Init	8	static
../Core/Src/main.c:375:13:MX_GPIO_Init	40	static
../Core/Src/main.c:411:6:setPWM	40	static
../Core/Src/main.c:425:13:setServoPosition	120	static
../Core/Src/main.c:448:6:alteravelo	16	static
../Core/Src/main.c:455:6:mudadirecao	40	static
../Core/Src/main.c:507:6:Error_Handler	4	static,ignoring_inline_asm
