Archive member included to satisfy reference by file (symbol)

C:/ST/STM32CubeIDE_1.16.1/STM32CubeIDE/plugins/com.st.stm32cube.ide.mcu.externaltools.gnu-tools-for-stm32.12.3.rel1.win32_1.0.200.202406191623/tools/bin/../lib/gcc/arm-none-eabi/12.3.1/../../../../arm-none-eabi/lib/thumb/v7e-m+fp/hard\libc_nano.a(libc_a-exit.o)
                              C:/ST/STM32CubeIDE_1.16.1/STM32CubeIDE/plugins/com.st.stm32cube.ide.mcu.externaltools.gnu-tools-for-stm32.12.3.rel1.win32_1.0.200.202406191623/tools/bin/../lib/gcc/arm-none-eabi/12.3.1/../../../../arm-none-eabi/lib/thumb/v7e-m+fp/hard/crt0.o (exit)
C:/ST/STM32CubeIDE_1.16.1/STM32CubeIDE/plugins/com.st.stm32cube.ide.mcu.externaltools.gnu-tools-for-stm32.12.3.rel1.win32_1.0.200.202406191623/tools/bin/../lib/gcc/arm-none-eabi/12.3.1/../../../../arm-none-eabi/lib/thumb/v7e-m+fp/hard\libc_nano.a(libc_a-findfp.o)
                              C:/ST/STM32CubeIDE_1.16.1/STM32CubeIDE/plugins/com.st.stm32cube.ide.mcu.externaltools.gnu-tools-for-stm32.12.3.rel1.win32_1.0.200.202406191623/tools/bin/../lib/gcc/arm-none-eabi/12.3.1/../../../../arm-none-eabi/lib/thumb/v7e-m+fp/hard\libc_nano.a(libc_a-exit.o) (__stdio_exit_handler)
C:/ST/STM32CubeIDE_1.16.1/STM32CubeIDE/plugins/com.st.stm32cube.ide.mcu.externaltools.gnu-tools-for-stm32.12.3.rel1.win32_1.0.200.202406191623/tools/bin/../lib/gcc/arm-none-eabi/12.3.1/../../../../arm-none-eabi/lib/thumb/v7e-m+fp/hard\libc_nano.a(libc_a-fwalk.o)
                              C:/ST/STM32CubeIDE_1.16.1/STM32CubeIDE/plugins/com.st.stm32cube.ide.mcu.externaltools.gnu-tools-for-stm32.12.3.rel1.win32_1.0.200.202406191623/tools/bin/../lib/gcc/arm-none-eabi/12.3.1/../../../../arm-none-eabi/lib/thumb/v7e-m+fp/hard\libc_nano.a(libc_a-findfp.o) (_fwalk_sglue)
C:/ST/STM32CubeIDE_1.16.1/STM32CubeIDE/plugins/com.st.stm32cube.ide.mcu.externaltools.gnu-tools-for-stm32.12.3.rel1.win32_1.0.200.202406191623/tools/bin/../lib/gcc/arm-none-eabi/12.3.1/../../../../arm-none-eabi/lib/thumb/v7e-m+fp/hard\libc_nano.a(libc_a-stdio.o)
                              C:/ST/STM32CubeIDE_1.16.1/STM32CubeIDE/plugins/com.st.stm32cube.ide.mcu.externaltools.gnu-tools-for-stm32.12.3.rel1.win32_1.0.200.202406191623/tools/bin/../lib/gcc/arm-none-eabi/12.3.1/../../../../arm-none-eabi/lib/thumb/v7e-m+fp/hard\libc_nano.a(libc_a-findfp.o) (__sread)
C:/ST/STM32CubeIDE_1.16.1/STM32CubeIDE/plugins/com.st.stm32cube.ide.mcu.externaltools.gnu-tools-for-stm32.12.3.rel1.win32_1.0.200.202406191623/tools/bin/../lib/gcc/arm-none-eabi/12.3.1/../../../../arm-none-eabi/lib/thumb/v7e-m+fp/hard\libc_nano.a(libc_a-memset.o)
                              C:/ST/STM32CubeIDE_1.16.1/STM32CubeIDE/plugins/com.st.stm32cube.ide.mcu.externaltools.gnu-tools-for-stm32.12.3.rel1.win32_1.0.200.202406191623/tools/bin/../lib/gcc/arm-none-eabi/12.3.1/../../../../arm-none-eabi/lib/thumb/v7e-m+fp/hard/crt0.o (memset)
C:/ST/STM32CubeIDE_1.16.1/STM32CubeIDE/plugins/com.st.stm32cube.ide.mcu.externaltools.gnu-tools-for-stm32.12.3.rel1.win32_1.0.200.202406191623/tools/bin/../lib/gcc/arm-none-eabi/12.3.1/../../../../arm-none-eabi/lib/thumb/v7e-m+fp/hard\libc_nano.a(libc_a-closer.o)
                              C:/ST/STM32CubeIDE_1.16.1/STM32CubeIDE/plugins/com.st.stm32cube.ide.mcu.externaltools.gnu-tools-for-stm32.12.3.rel1.win32_1.0.200.202406191623/tools/bin/../lib/gcc/arm-none-eabi/12.3.1/../../../../arm-none-eabi/lib/thumb/v7e-m+fp/hard\libc_nano.a(libc_a-stdio.o) (_close_r)
C:/ST/STM32CubeIDE_1.16.1/STM32CubeIDE/plugins/com.st.stm32cube.ide.mcu.externaltools.gnu-tools-for-stm32.12.3.rel1.win32_1.0.200.202406191623/tools/bin/../lib/gcc/arm-none-eabi/12.3.1/../../../../arm-none-eabi/lib/thumb/v7e-m+fp/hard\libc_nano.a(libc_a-reent.o)
                              C:/ST/STM32CubeIDE_1.16.1/STM32CubeIDE/plugins/com.st.stm32cube.ide.mcu.externaltools.gnu-tools-for-stm32.12.3.rel1.win32_1.0.200.202406191623/tools/bin/../lib/gcc/arm-none-eabi/12.3.1/../../../../arm-none-eabi/lib/thumb/v7e-m+fp/hard\libc_nano.a(libc_a-closer.o) (errno)
C:/ST/STM32CubeIDE_1.16.1/STM32CubeIDE/plugins/com.st.stm32cube.ide.mcu.externaltools.gnu-tools-for-stm32.12.3.rel1.win32_1.0.200.202406191623/tools/bin/../lib/gcc/arm-none-eabi/12.3.1/../../../../arm-none-eabi/lib/thumb/v7e-m+fp/hard\libc_nano.a(libc_a-impure.o)
                              C:/ST/STM32CubeIDE_1.16.1/STM32CubeIDE/plugins/com.st.stm32cube.ide.mcu.externaltools.gnu-tools-for-stm32.12.3.rel1.win32_1.0.200.202406191623/tools/bin/../lib/gcc/arm-none-eabi/12.3.1/../../../../arm-none-eabi/lib/thumb/v7e-m+fp/hard\libc_nano.a(libc_a-reent.o) (_impure_ptr)
C:/ST/STM32CubeIDE_1.16.1/STM32CubeIDE/plugins/com.st.stm32cube.ide.mcu.externaltools.gnu-tools-for-stm32.12.3.rel1.win32_1.0.200.202406191623/tools/bin/../lib/gcc/arm-none-eabi/12.3.1/../../../../arm-none-eabi/lib/thumb/v7e-m+fp/hard\libc_nano.a(libc_a-lseekr.o)
[...]
Memory Configuration

Name             Origin             Length             Attributes
RAM              0x20000000         0x00020000         xrw
FLASH            0x08000000         0x00080000         xr
*default*        0x00000000         0xffffffff

Linker script and memory map

LOAD C:/ST/STM32CubeIDE_1.16.1/STM32CubeIDE/plugins/com.st.stm32cube.ide.mcu.externaltools.gnu-tools-for-stm32.12.3.rel1.win32_1.0.200.202406191623/tools/bin/../lib/gcc/arm-none-eabi/12.3.1/thumb/v7e-m+fp/hard/crti.o
LOAD C:/ST/STM32CubeIDE_1.16.1/STM32CubeIDE/plugins/com.st.stm32cube.ide.mcu.externaltools.gnu-tools-for-stm32.12.3.rel1.win32_1.0.200.202406191623/tools/bin/../lib/gcc/arm-none-eabi/12.3.1/thumb/v7e-m+fp/hard/crtbegin.o
LOAD C:/ST/STM32CubeIDE_1.16.1/STM32CubeIDE/plugins/com.st.stm32cube.ide.mcu.externaltools.gnu-tools-for-stm32.12.3.rel1.win32_1.0.200.202406191623/tools/bin/../lib/gcc/arm-none-eabi/12.3.1/../../../../arm-none-eabi/lib/thumb/v7e-m+fp/hard/crt0.o
LOAD ./Core/Src/HMC5883L.o
LOAD ./Core/Src/I2Cdev.o
LOAD ./Core/Src/boatCompass.o
LOAD ./Core/Src/boatEngine.o
LOAD ./Core/Src/boatServo.o
LOAD ./Core/Src/main.o
LOAD ./Core/Src/stm32f4xx_hal_msp.o
LOAD ./Core/Src/stm32f4xx_it.o
LOAD ./Core/Src/syscalls.o
LOAD ./Core/Src/sysmem.o
LOAD ./Core/Src/system_stm32f4xx.o
LOAD ./Core/Startup/startup_stm32f446retx.o
LOAD ./Drivers/STM32F4xx_HAL_Driver/Src/stm32f4xx_hal.o
LOAD ./Drivers/STM32F4xx_HAL_Driver/Src/stm32f4xx_hal_cortex.o
LOAD ./Drivers/STM32F4xx_HAL_Driver/Src/stm32f4xx_hal_dma.o
LOAD ./Drivers/STM32F4xx_HAL_Driver/Src/stm32f4xx_hal_dma_ex.o
LOAD ./Drivers/STM32F4xx_HAL_Driver/Src/stm32f4xx_hal_exti.o
LOAD ./Drivers/STM32F4xx_HAL_Driver/Src/stm32f4xx_hal_flash.o
LOAD ./Drivers/STM32F4xx_HAL_Driver/Src/stm32f4xx_hal_flash_ex.o
LOAD ./Drivers/STM32F4xx_HAL_Driver/Src/stm32f4xx_hal_flash_ramfunc.o
LOAD ./Drivers/STM32F4xx_HAL_Driver/Src/stm32f4xx_hal_gpio.o
LOAD ./Drivers/STM32F4xx_HAL_Driver/Src/stm32f4xx_hal_i2c.o
LOAD ./Drivers/STM32F4xx_HAL_Driver/Src/stm32f4xx_hal_i2c_ex.o
LOAD ./Drivers/STM32F4xx_HAL_Driver/Src/stm32f4xx_hal_pwr.o
LOAD ./Drivers/STM32F4xx_HAL_Driver/Src/stm32f4xx_hal_pwr_ex.o
LOAD ./Drivers/STM32F4xx_HAL_Driver/Src/stm32f4xx_hal_rcc.o
LOAD ./Drivers/STM32F4xx_HAL_Driver/Src/stm32f4xx_hal_rcc_ex.o
LOAD ./Drivers/STM32F4xx_HAL_Driver/Src/stm32f4xx_hal_tim.o
LOAD ./Drivers/STM32F4xx_HAL_Driver/Src/stm32f4xx_hal_tim_ex.o
LOAD ./Drivers/STM32F4xx_HAL_Driver/Src/stm32f4xx_hal_uart.o
START GROUP
LOAD C:/ST/STM32CubeIDE_1.16.1/STM32CubeIDE/plugins/com.st.stm32cube.ide.mcu.externaltools.gnu-tools-for-stm32.12.3.rel1.win32_1.0.200.202406191623/tools/bin/../lib/gcc/arm-none-eabi/12.3.1/../../../../arm-none-eabi/lib/thumb/v7e-m+fp/hard\libc_nano.a
LOAD C:/ST/STM32CubeIDE_1.16.1/STM32CubeIDE/plugins/com.st.stm32cube.ide.mcu.externaltools.gnu-tools-for-stm32.12.3.rel1.win32_1.0.200.202406191623/tools/bin/../lib/gcc/arm-none-eabi/12.3.1/../../../../arm-none-eabi/lib/thumb/v7e-m+fp/hard\libm.a
END GROUP
START GROUP
LOAD C:/ST/STM32CubeIDE_1.16.1/STM32CubeIDE/plugins/com.st.stm32cube.ide.mcu.externaltools.gnu-tools-for-stm32.12.3.rel1.win32_1.0.200.202406191623/tools/bin/../lib/gcc/arm-none-eabi/12.3.1/thumb/v7e-m+fp/hard\libgcc.a
LOAD C:/ST/STM32CubeIDE_1.16.1/STM32CubeIDE/plugins/com.st.stm32cube.ide.mcu.externaltools.gnu-tools-for-stm32.12.3.rel1.win32_1.0.200.202406191623/tools/bin/../lib/gcc/arm-none-eabi/12.3.1/../../../../arm-none-eabi/lib/thumb/v7e-m+fp/hard\libc_nano.a
END GROUP
START GROUP
LOAD C:/ST/STM32CubeIDE_1.16.1/STM32CubeIDE/plugins/com.st.stm32cube.ide.mcu.externaltools.gnu-tools-for-stm32.12.3.rel1.win32_1.0.200.202406191623/tools/bin/../lib/gcc/arm-none-eabi/12.3.1/thumb/v7e-m+fp/hard\libgcc.a
LOAD C:/ST/STM32CubeIDE_1.16.1/STM32CubeIDE/plugins/com.st.stm32cube.ide.mcu.externaltools.gnu-tools-for-stm32.12.3.rel1.win32_1.0.200.202406191623/tools/bin/../lib/gcc/arm-none-eabi/12.3.1/../../../../arm-none-eabi/lib/thumb/v7e-m+fp/hard\libc_nano.a
LOAD C:/ST/STM32CubeIDE_1.16.1/STM32CubeIDE/plugins/com.st.stm32cube.ide.mcu.externaltools.gnu-tools-for-stm32.12.3.rel1.win32_1.0.200.202406191623/tools/bin/../lib/gcc/arm-none-eabi/12.3.1/../../../../arm-none-eabi/lib/thumb/v7e-m+fp/hard\libnosys.a
END GROUP
START GROUP
LOAD C:/ST/STM32CubeIDE_1.16.1/STM32CubeIDE/plugins/com.st.stm32cube.ide.mcu.externaltools.gnu-tools-for-stm32.12.3.rel1.win32_1.0.200.202406191623/tools/bin/../lib/gcc/arm-none-eabi/12.3.1/thumb/v7e-m+fp/hard\libgcc.a
LOAD C:/ST/STM32CubeIDE_1.16.1/STM32CubeIDE/plugins/com.st.stm32cube.ide.mcu.externaltools.gnu-tools-for-stm32.12.3.rel1.win32_1.0.200.202406191623/tools/bin/../lib/gcc/arm-none-eabi/12.3.1/../../../../arm-none-eabi/lib/thumb/v7e-m+fp/hard\libc_nano.a
LOAD C:/ST/STM32CubeIDE_1.16.1/STM32CubeIDE/plugins/com.st.stm32cube.ide.mcu.externaltools.gnu-tools-for-stm32.12.3.rel1.win32_1.0.200.202406191623/tools/bin/../lib/gcc/arm-none-eabi/12.3.1/../../../../arm-none-eabi/lib/thumb/v7e-m+fp/hard\libnosys.a
END GROUP
LOAD C:/ST/STM32CubeIDE_1.16.1/STM32CubeIDE/plugins/com.st.stm32cube.ide.mcu.externaltools.gnu-tools-for-stm32.12.3.rel1.win32_1.0.200.202406191623/tools/bin/../lib/gcc/arm-none-eabi/12.3.1/thumb/v7e-m+fp/hard/crtend.o
LOAD C:/ST/STM32CubeIDE_1.16.1/STM32CubeIDE/plugins/com.st.stm32cube.ide.mcu.externaltools.gnu-tools-for-stm32.12.3.rel1.win32_1.0.200.202406191623/tools/bin/../lib/gcc/arm-none-eabi/12.3.1/thumb/v7e-m+fp/hard/crtn.o
                0x20020000                        _estack = (ORIGIN (RAM) + LENGTH (RAM))
                0x00000200                        _Min_Heap_Size = 0x200
                0x00000400                        _Min_Stack_Size = 0x400

.isr_vector     0x08000000      0x1c4
                0x08000000                        . = ALIGN (0x4)
 *(.isr_vector)
 .isr_vector    0x08000000      0x1c4 ./Core/Startup/startup_stm32f446retx.o
                0x08000000                g_pfnVectors
                0x080001c4                        . = ALIGN (0x4)

.text           0x080001c8     0x3288
                0x080001c8                        . = ALIGN (0x4)
 *(.text)
 .text          0x080001c8       0x40 C:/ST/STM32CubeIDE_1.16.1/STM32CubeIDE/plugins/com.st.stm32cube.ide.mcu.externaltools.gnu-tools-for-stm32.12.3.rel1.win32_1.0.200.202406191623/tools/bin/../lib/gcc/arm-none-eabi/12.3.1/thumb/v7e-m+fp/hard/crtbegin.o
 .text          0x08000208      0x378 C:/ST/STM32CubeIDE_1.16.1/STM32CubeIDE/plugins/com.st.stm32cube.ide.mcu.externaltools.gnu-tools-for-stm32.12.3.rel1.win32_1.0.200.202406191623/tools/bin/../lib/gcc/arm-none-eabi/12.3.1/thumb/v7e-m+fp/hard\libgcc.a(_arm_addsubdf3.o)
                0x08000208                __aeabi_drsub
                0x08000210                __aeabi_dsub
                0x08000210                __subdf3
                0x08000214                __aeabi_dadd
                0x08000214                __adddf3
                0x0800048c                __floatunsidf
                0x0800048c                __aeabi_ui2d
                0x080004ac                __floatsidf
                0x080004ac                __aeabi_i2d
                0x080004d0                __aeabi_f2d
                0x080004d0                __extendsfdf2
                0x08000514                __floatundidf
                0x08000514                __aeabi_ul2d
                0x08000524                __floatdidf
                0x08000524                __aeabi_l2d
 .text          0x08000580      0x424 C:/ST/STM32CubeIDE_1.16.1/STM32CubeIDE/plugins/com.st.stm32cube.ide.mcu.externaltools.gnu-tools-for-stm32.12.3.rel1.win32_1.0.200.202406191623/tools/bin/../lib/gcc/arm-none-eabi/12.3.1/thumb/v7e-m+fp/hard\libgcc.a(_arm_muldivdf3.o)
                0x08000580                __aeabi_dmul
                0x08000580                __muldf3
                0x080007d4                __divdf3
                0x080007d4                __aeabi_ddiv
 .text          0x080009a4      0x110 C:/ST/STM32CubeIDE_1.16.1/STM32CubeIDE/plugins/com.st.stm32cube.ide.mcu.externaltools.gnu-tools-for-stm32.12.3.rel1.win32_1.0.200.202406191623/tools/bin/../lib/gcc/arm-none-eabi/12.3.1/thumb/v7e-m+fp/hard\libgcc.a(_arm_cmpdf2.o)
                0x080009a4                __gtdf2
                0x080009a4                __gedf2
                0x080009ac                __ltdf2
                0x080009ac                __ledf2
                0x080009b4                __nedf2
                0x080009b4                __eqdf2
                0x080009b4                __cmpdf2
                0x08000a30                __aeabi_cdrcmple
                0x08000a40                __aeabi_cdcmpeq
                0x08000a40                __aeabi_cdcmple
                0x08000a50                __aeabi_dcmpeq
                0x08000a64                __aeabi_dcmplt
                0x08000a78                __aeabi_dcmple
                0x08000a8c                __aeabi_dcmpge
                0x08000aa0                __aeabi_dcmpgt
 .text          0x08000ab4       0x50 C:/ST/STM32CubeIDE_1.16.1/STM32CubeIDE/plugins/com.st.stm32cube.ide.mcu.externaltools.gnu-tools-for-stm32.12.3.rel1.win32_1.0.200.202406191623/tools/bin/../lib/gcc/arm-none-eabi/12.3.1/thumb/v7e-m+fp/hard\libgcc.a(_arm_fixdfsi.o)
                0x08000ab4                __aeabi_d2iz
                0x08000ab4                __fixdfsi
 .text          0x08000b04       0xa0 C:/ST/STM32CubeIDE_1.16.1/STM32CubeIDE/plugins/com.st.stm32cube.ide.mcu.externaltools.gnu-tools-for-stm32.12.3.rel1.win32_1.0.200.202406191623/tools/bin/../lib/gcc/arm-none-eabi/12.3.1/thumb/v7e-m+fp/hard\libgcc.a(_arm_truncdfsf2.o)
                0x08000b04                __truncdfsf2
                0x08000b04                __aeabi_d2f
 .text          0x08000ba4       0x30 C:/ST/STM32CubeIDE_1.16.1/STM32CubeIDE/plugins/com.st.stm32cube.ide.mcu.externaltools.gnu-tools-for-stm32.12.3.rel1.win32_1.0.200.202406191623/tools/bin/../lib/gcc/arm-none-eabi/12.3.1/thumb/v7e-m+fp/hard\libgcc.a(_aeabi_uldivmod.o)
                0x08000ba4                __aeabi_uldivmod
 .text          0x08000bd4      0x2bc C:/ST/STM32CubeIDE_1.16.1/STM32CubeIDE/plugins/com.st.stm32cube.ide.mcu.externaltools.gnu-tools-for-stm32.12.3.rel1.win32_1.0.200.202406191623/tools/bin/../lib/gcc/arm-none-eabi/12.3.1/thumb/v7e-m+fp/hard\libgcc.a(_udivmoddi4.o)
                0x08000bd4                __udivmoddi4
 .text          0x08000e90        0x4 C:/ST/STM32CubeIDE_1.16.1/STM32CubeIDE/plugins/com.st.stm32cube.ide.mcu.externaltools.gnu-tools-for-stm32.12.3.rel1.win32_1.0.200.202406191623/tools/bin/../lib/gcc/arm-none-eabi/12.3.1/thumb/v7e-m+fp/hard\libgcc.a(_dvmd_tls.o)
                0x08000e90                __aeabi_idiv0
                0x08000e90                __aeabi_ldiv0
 *(.text*)
 .text.HMC5883L_setGain
                0x08000e94       0x14 ./Core/Src/HMC5883L.o
                0x08000e94                HMC5883L_setGain
 .text.HMC5883L_setMode
                0x08000ea8       0x20 ./Core/Src/HMC5883L.o
                0x08000ea8                HMC5883L_setMode
 .text.HMC5883L_initialize
                0x08000ec8       0x24 ./Core/Src/HMC5883L.o
                0x08000ec8                HMC5883L_initialize
 .text.HMC5883L_getHeading
                0x08000eec       0x50 ./Core/Src/HMC5883L.o
                0x08000eec                HMC5883L_getHeading
 .text.I2Cdev_init
                0x08000f3c        0xc ./Core/Src/I2Cdev.o
                0x08000f3c                I2Cdev_init
 .text.I2Cdev_readBytes
                0x08000f48       0x54 ./Core/Src/I2Cdev.o
                0x08000f48                I2Cdev_readBytes
 .text.I2Cdev_writeBytes
                0x08000f9c       0x2c ./Core/Src/I2Cdev.o
                0x08000f9c                I2Cdev_writeBytes
 .text.I2Cdev_writeByte
                0x08000fc8       0x16 ./Core/Src/I2Cdev.o
                0x08000fc8                I2Cdev_writeByte
 *fill*         0x08000fde        0x2 
 .text.readDirection
                0x08000fe0      0x144 ./Core/Src/boatCompass.o
                0x08000fe0                readDirection
 .text.SystemClock_Config
                0x08001124       0x90 ./Core/Src/main.o
                0x08001124                SystemClock_Config
 .text.startup.main
                0x080011b4      0x228 ./Core/Src/main.o
                0x080011b4                main
 .text.HAL_MspInit
                0x080013dc       0x38 ./Core/Src/stm32f4xx_hal_msp.o
                0x080013dc                HAL_MspInit
 .text.HAL_I2C_MspInit
                0x08001414       0x70 ./Core/Src/stm32f4xx_hal_msp.o
                0x08001414                HAL_I2C_MspInit
 .text.HAL_TIM_PWM_MspInit
                0x08001484       0x54 ./Core/Src/stm32f4xx_hal_msp.o
                0x08001484                HAL_TIM_PWM_MspInit
 .text.HAL_TIM_MspPostInit
                0x080014d8       0x88 ./Core/Src/stm32f4xx_hal_msp.o
                0x080014d8                HAL_TIM_MspPostInit
 .text.HAL_UART_MspInit
                0x08001560       0xec ./Core/Src/stm32f4xx_hal_msp.o
                0x08001560                HAL_UART_MspInit
 .text.NMI_Handler
                0x0800164c        0x2 ./Core/Src/stm32f4xx_it.o
                0x0800164c                NMI_Handler
 .text.HardFault_Handler
                0x0800164e        0x2 ./Core/Src/stm32f4xx_it.o
                0x0800164e                HardFault_Handler
 .text.MemManage_Handler
                0x08001650        0x2 ./Core/Src/stm32f4xx_it.o
                0x08001650                MemManage_Handler
 .text.BusFault_Handler
                0x08001652        0x2 ./Core/Src/stm32f4xx_it.o
                0x08001652                BusFault_Handler
 .text.UsageFault_Handler
                0x08001654        0x2 ./Core/Src/stm32f4xx_it.o
                0x08001654                UsageFault_Handler
 .text.SVC_Handler
                0x08001656        0x2 ./Core/Src/stm32f4xx_it.o
                0x08001656                SVC_Handler
 .text.DebugMon_Handler
                0x08001658        0x2 ./Core/Src/stm32f4xx_it.o
                0x08001658                DebugMon_Handler
 .text.PendSV_Handler
                0x0800165a        0x2 ./Core/Src/stm32f4xx_it.o
                0x0800165a                PendSV_Handler
 .text.SysTick_Handler
                0x0800165c        0x4 ./Core/Src/stm32f4xx_it.o
                0x0800165c                SysTick_Handler
 .text.SystemInit
                0x08001660       0x14 ./Core/Src/system_stm32f4xx.o
                0x08001660                SystemInit
 .text.Reset_Handler
                0x08001674       0x50 ./Core/Startup/startup_stm32f446retx.o
                0x08001674                Reset_Handler
 .text.Default_Handler
                0x080016c4        0x2 ./Core/Startup/startup_stm32f446retx.o
                0x080016c4                RTC_Alarm_IRQHandler
                0x080016c4                EXTI2_IRQHandler
                0x080016c4                TIM8_CC_IRQHandler
                0x080016c4                FMPI2C1_EV_IRQHandler
                0x080016c4                SPI4_IRQHandler
                0x080016c4                TIM1_CC_IRQHandler
                0x080016c4                DMA2_Stream5_IRQHandler
                0x080016c4                DMA1_Stream5_IRQHandler
                0x080016c4                PVD_IRQHandler
                0x080016c4                SDIO_IRQHandler
                0x080016c4                TAMP_STAMP_IRQHandler
                0x080016c4                CAN2_RX1_IRQHandler
                0x080016c4                EXTI3_IRQHandler
                0x080016c4                TIM8_TRG_COM_TIM14_IRQHandler
                0x080016c4                TIM1_UP_TIM10_IRQHandler
                0x080016c4                TIM8_UP_TIM13_IRQHandler
                0x080016c4                I2C3_ER_IRQHandler
                0x080016c4                EXTI0_IRQHandler
                0x080016c4                I2C2_EV_IRQHandler
                0x080016c4                DMA1_Stream2_IRQHandler
                0x080016c4                CAN1_RX0_IRQHandler
                0x080016c4                FPU_IRQHandler
                0x080016c4                OTG_HS_WKUP_IRQHandler
                0x080016c4                CAN2_SCE_IRQHandler
                0x080016c4                DMA2_Stream2_IRQHandler
                0x080016c4                SPI1_IRQHandler
                0x080016c4                TIM6_DAC_IRQHandler
                0x080016c4                TIM1_BRK_TIM9_IRQHandler
                0x080016c4                DCMI_IRQHandler
                0x080016c4                CAN2_RX0_IRQHandler
                0x080016c4                DMA2_Stream3_IRQHandler
                0x080016c4                SAI2_IRQHandler
                0x080016c4                USART6_IRQHandler
                0x080016c4                USART3_IRQHandler
                0x080016c4                CAN1_RX1_IRQHandler
                0x080016c4                UART5_IRQHandler
                0x080016c4                DMA2_Stream0_IRQHandler
                0x080016c4                TIM4_IRQHandler
                0x080016c4                QUADSPI_IRQHandler
                0x080016c4                I2C1_EV_IRQHandler
                0x080016c4                DMA1_Stream6_IRQHandler
                0x080016c4                DMA1_Stream1_IRQHandler
                0x080016c4                UART4_IRQHandler
                0x080016c4                TIM3_IRQHandler
                0x080016c4                RCC_IRQHandler
                0x080016c4                TIM8_BRK_TIM12_IRQHandler
                0x080016c4                Default_Handler
                0x080016c4                CEC_IRQHandler
                0x080016c4                EXTI15_10_IRQHandler
                0x080016c4                ADC_IRQHandler
                0x080016c4                DMA1_Stream7_IRQHandler
                0x080016c4                TIM7_IRQHandler
                0x080016c4                CAN2_TX_IRQHandler
                0x080016c4                TIM5_IRQHandler
                0x080016c4                DMA2_Stream7_IRQHandler
                0x080016c4                I2C3_EV_IRQHandler
                0x080016c4                EXTI9_5_IRQHandler
                0x080016c4                RTC_WKUP_IRQHandler
                0x080016c4                SPDIF_RX_IRQHandler
                0x080016c4                SPI2_IRQHandler
                0x080016c4                OTG_HS_EP1_IN_IRQHandler
                0x080016c4                DMA1_Stream0_IRQHandler
                0x080016c4                CAN1_TX_IRQHandler
                0x080016c4                FMPI2C1_ER_IRQHandler
                0x080016c4                EXTI4_IRQHandler
                0x080016c4                OTG_HS_EP1_OUT_IRQHandler
                0x080016c4                WWDG_IRQHandler
                0x080016c4                TIM2_IRQHandler
                0x080016c4                OTG_FS_WKUP_IRQHandler
                0x080016c4                TIM1_TRG_COM_TIM11_IRQHandler
                0x080016c4                OTG_HS_IRQHandler
                0x080016c4                EXTI1_IRQHandler
                0x080016c4                USART2_IRQHandler
                0x080016c4                I2C2_ER_IRQHandler
                0x080016c4                DMA2_Stream1_IRQHandler
                0x080016c4                CAN1_SCE_IRQHandler
                0x080016c4                FLASH_IRQHandler
                0x080016c4                DMA2_Stream4_IRQHandler
                0x080016c4                USART1_IRQHandler
                0x080016c4                OTG_FS_IRQHandler
                0x080016c4                SPI3_IRQHandler
                0x080016c4                DMA1_Stream4_IRQHandler
                0x080016c4                I2C1_ER_IRQHandler
                0x080016c4                FMC_IRQHandler
                0x080016c4                DMA2_Stream6_IRQHandler
                0x080016c4                SAI1_IRQHandler
                0x080016c4                DMA1_Stream3_IRQHandler
 *fill*         0x080016c6        0x2 
 .text.HAL_InitTick
                0x080016c8       0x48 ./Drivers/STM32F4xx_HAL_Driver/Src/stm32f4xx_hal.o
                0x080016c8                HAL_InitTick
 .text.HAL_Init
                0x08001710       0x34 ./Drivers/STM32F4xx_HAL_Driver/Src/stm32f4xx_hal.o
                0x08001710                HAL_Init
 .text.HAL_IncTick
                0x08001744       0x18 ./Drivers/STM32F4xx_HAL_Driver/Src/stm32f4xx_hal.o
                0x08001744                HAL_IncTick
 .text.HAL_GetTick
                0x0800175c        0xc ./Drivers/STM32F4xx_HAL_Driver/Src/stm32f4xx_hal.o
                0x0800175c                HAL_GetTick
 .text.HAL_NVIC_SetPriorityGrouping
                0x08001768       0x24 ./Drivers/STM32F4xx_HAL_Driver/Src/stm32f4xx_hal_cortex.o
                0x08001768                HAL_NVIC_SetPriorityGrouping
 .text.HAL_NVIC_SetPriority
                0x0800178c       0x64 ./Drivers/STM32F4xx_HAL_Driver/Src/stm32f4xx_hal_cortex.o
                0x0800178c                HAL_NVIC_SetPriority
 .text.HAL_SYSTICK_Config
                0x080017f0       0x28 ./Drivers/STM32F4xx_HAL_Driver/Src/stm32f4xx_hal_cortex.o
                0x080017f0                HAL_SYSTICK_Config
 .text.HAL_GPIO_Init
                0x08001818      0x1a4 ./Drivers/STM32F4xx_HAL_Driver/Src/stm32f4xx_hal_gpio.o
                0x08001818                HAL_GPIO_Init
 .text.HAL_GPIO_WritePin
                0x080019bc        0xa ./Drivers/STM32F4xx_HAL_Driver/Src/stm32f4xx_hal_gpio.o
                0x080019bc                HAL_GPIO_WritePin
 .text.I2C_IsAcknowledgeFailed
                0x080019c6       0x34 ./Drivers/STM32F4xx_HAL_Driver/Src/stm32f4xx_hal_i2c.o
 .text.I2C_WaitOnFlagUntilTimeout
                0x080019fa       0x80 ./Drivers/STM32F4xx_HAL_Driver/Src/stm32f4xx_hal_i2c.o
 .text.I2C_WaitOnMasterAddressFlagUntilTimeout
                0x08001a7a       0x84 ./Drivers/STM32F4xx_HAL_Driver/Src/stm32f4xx_hal_i2c.o
 .text.I2C_WaitOnTXEFlagUntilTimeout
                0x08001afe       0x54 ./Drivers/STM32F4xx_HAL_Driver/Src/stm32f4xx_hal_i2c.o
 *fill*         0x08001b52        0x2 
 .text.I2C_RequestMemoryWrite
                0x08001b54       0xb4 ./Drivers/STM32F4xx_HAL_Driver/Src/stm32f4xx_hal_i2c.o
 .text.I2C_WaitOnBTFFlagUntilTimeout
                0x08001c08       0x54 ./Drivers/STM32F4xx_HAL_Driver/Src/stm32f4xx_hal_i2c.o
 .text.I2C_WaitOnRXNEFlagUntilTimeout
                0x08001c5c       0x66 ./Drivers/STM32F4xx_HAL_Driver/Src/stm32f4xx_hal_i2c.o
 *fill*         0x08001cc2        0x2 
 .text.HAL_I2C_Init
                0x08001cc4      0x150 ./Drivers/STM32F4xx_HAL_Driver/Src/stm32f4xx_hal_i2c.o
                0x08001cc4                HAL_I2C_Init
 .text.HAL_I2C_Master_Transmit
                0x08001e14      0x1b4 ./Drivers/STM32F4xx_HAL_Driver/Src/stm32f4xx_hal_i2c.o
                0x08001e14                HAL_I2C_Master_Transmit
 .text.HAL_I2C_Master_Receive
                0x08001fc8      0x2f4 ./Drivers/STM32F4xx_HAL_Driver/Src/stm32f4xx_hal_i2c.o
                0x08001fc8                HAL_I2C_Master_Receive
 .text.HAL_I2C_Mem_Write
                0x080022bc      0x120 ./Drivers/STM32F4xx_HAL_Driver/Src/stm32f4xx_hal_i2c.o
                0x080022bc                HAL_I2C_Mem_Write
 .text.HAL_RCC_ClockConfig
                0x080023dc      0x134 ./Drivers/STM32F4xx_HAL_Driver/Src/stm32f4xx_hal_rcc.o
                0x080023dc                HAL_RCC_ClockConfig
 .text.HAL_RCC_GetPCLK1Freq
                0x08002510       0x20 ./Drivers/STM32F4xx_HAL_Driver/Src/stm32f4xx_hal_rcc.o
                0x08002510                HAL_RCC_GetPCLK1Freq
 .text.HAL_RCC_GetPCLK2Freq
                0x08002530       0x20 ./Drivers/STM32F4xx_HAL_Driver/Src/stm32f4xx_hal_rcc.o
                0x08002530                HAL_RCC_GetPCLK2Freq
 .text.HAL_RCC_GetSysClockFreq
                0x08002550       0x90 ./Drivers/STM32F4xx_HAL_Driver/Src/stm32f4xx_hal_rcc_ex.o
                0x08002550                HAL_RCC_GetSysClockFreq
 .text.HAL_RCC_OscConfig
                0x080025e0      0x39c ./Drivers/STM32F4xx_HAL_Driver/Src/stm32f4xx_hal_rcc_ex.o
                0x080025e0                HAL_RCC_OscConfig
 .text.TIM_OC1_SetConfig
                0x0800297c       0x64 ./Drivers/STM32F4xx_HAL_Driver/Src/stm32f4xx_hal_tim.o
 .text.TIM_OC3_SetConfig
                0x080029e0       0x6c ./Drivers/STM32F4xx_HAL_Driver/Src/stm32f4xx_hal_tim.o
 .text.TIM_OC4_SetConfig
                0x08002a4c       0x4c ./Drivers/STM32F4xx_HAL_Driver/Src/stm32f4xx_hal_tim.o
 .text.TIM_Base_SetConfig
                0x08002a98       0xd8 ./Drivers/STM32F4xx_HAL_Driver/Src/stm32f4xx_hal_tim.o
                0x08002a98                TIM_Base_SetConfig
 .text.HAL_TIM_PWM_Init
                0x08002b70       0x58 ./Drivers/STM32F4xx_HAL_Driver/Src/stm32f4xx_hal_tim.o
                0x08002b70                HAL_TIM_PWM_Init
 .text.TIM_OC2_SetConfig
                0x08002bc8       0x6c ./Drivers/STM32F4xx_HAL_Driver/Src/stm32f4xx_hal_tim.o
                0x08002bc8                TIM_OC2_SetConfig
 .text.HAL_TIM_PWM_ConfigChannel
                0x08002c34       0xb0 ./Drivers/STM32F4xx_HAL_Driver/Src/stm32f4xx_hal_tim.o
                0x08002c34                HAL_TIM_PWM_ConfigChannel
 .text.HAL_TIMEx_MasterConfigSynchronization
                0x08002ce4       0x7c ./Drivers/STM32F4xx_HAL_Driver/Src/stm32f4xx_hal_tim_ex.o
                0x08002ce4                HAL_TIMEx_MasterConfigSynchronization
 .text.UART_SetConfig
                0x08002d60       0xbc ./Drivers/STM32F4xx_HAL_Driver/Src/stm32f4xx_hal_uart.o
 .text.HAL_UART_Init
                0x08002e1c       0x5e ./Drivers/STM32F4xx_HAL_Driver/Src/stm32f4xx_hal_uart.o
                0x08002e1c                HAL_UART_Init
 .text.memset   0x08002e7a       0x10 C:/ST/STM32CubeIDE_1.16.1/STM32CubeIDE/plugins/com.st.stm32cube.ide.mcu.externaltools.gnu-tools-for-stm32.12.3.rel1.win32_1.0.200.202406191623/tools/bin/../lib/gcc/arm-none-eabi/12.3.1/../../../../arm-none-eabi/lib/thumb/v7e-m+fp/hard\libc_nano.a(libc_a-memset.o)
                0x08002e7a                memset
 *fill*         0x08002e8a        0x2 
 .text.__libc_init_array
                0x08002e8c       0x48 C:/ST/STM32CubeIDE_1.16.1/STM32CubeIDE/plugins/com.st.stm32cube.ide.mcu.externaltools.gnu-tools-for-stm32.12.3.rel1.win32_1.0.200.202406191623/tools/bin/../lib/gcc/arm-none-eabi/12.3.1/../../../../arm-none-eabi/lib/thumb/v7e-m+fp/hard\libc_nano.a(libc_a-init.o)
                0x08002e8c                __libc_init_array
 .text.atan2    0x08002ed4        0x4 C:/ST/STM32CubeIDE_1.16.1/STM32CubeIDE/plugins/com.st.stm32cube.ide.mcu.externaltools.gnu-tools-for-stm32.12.3.rel1.win32_1.0.200.202406191623/tools/bin/../lib/gcc/arm-none-eabi/12.3.1/../../../../arm-none-eabi/lib/thumb/v7e-m+fp/hard\libm.a(libm_a-w_atan2.o)
                0x08002ed4                atan2
 .text.round    0x08002ed8       0x8c C:/ST/STM32CubeIDE_1.16.1/STM32CubeIDE/plugins/com.st.stm32cube.ide.mcu.externaltools.gnu-tools-for-stm32.12.3.rel1.win32_1.0.200.202406191623/tools/bin/../lib/gcc/arm-none-eabi/12.3.1/../../../../arm-none-eabi/lib/thumb/v7e-m+fp/hard\libm.a(libm_a-s_round.o)
                0x08002ed8                round
 *fill*         0x08002f64        0x4 
 .text.__ieee754_atan2
                0x08002f68      0x18c C:/ST/STM32CubeIDE_1.16.1/STM32CubeIDE/plugins/com.st.stm32cube.ide.mcu.externaltools.gnu-tools-for-stm32.12.3.rel1.win32_1.0.200.202406191623/tools/bin/../lib/gcc/arm-none-eabi/12.3.1/../../../../arm-none-eabi/lib/thumb/v7e-m+fp/hard\libm.a(libm_a-e_atan2.o)
                0x08002f68                __ieee754_atan2
 *fill*         0x080030f4        0x4 
 .text.atan     0x080030f8      0x330 C:/ST/STM32CubeIDE_1.16.1/STM32CubeIDE/plugins/com.st.stm32cube.ide.mcu.externaltools.gnu-tools-for-stm32.12.3.rel1.win32_1.0.200.202406191623/tools/bin/../lib/gcc/arm-none-eabi/12.3.1/../../../../arm-none-eabi/lib/thumb/v7e-m+fp/hard\libm.a(libm_a-s_atan.o)
                0x080030f8                atan
 .text.fabs     0x08003428       0x10 C:/ST/STM32CubeIDE_1.16.1/STM32CubeIDE/plugins/com.st.stm32cube.ide.mcu.externaltools.gnu-tools-for-stm32.12.3.rel1.win32_1.0.200.202406191623/tools/bin/../lib/gcc/arm-none-eabi/12.3.1/../../../../arm-none-eabi/lib/thumb/v7e-m+fp/hard\libm.a(libm_a-s_fabs.o)
                0x08003428                fabs
 *(.glue_7)
 .glue_7        0x08003438        0x0 linker stubs
 *(.glue_7t)
 .glue_7t       0x08003438        0x0 linker stubs
 *(.eh_frame)
 .eh_frame      0x08003438        0x0 C:/ST/STM32CubeIDE_1.16.1/STM32CubeIDE/plugins/com.st.stm32cube.ide.mcu.externaltools.gnu-tools-for-stm32.12.3.rel1.win32_1.0.200.202406191623/tools/bin/../lib/gcc/arm-none-eabi/12.3.1/thumb/v7e-m+fp/hard/crtbegin.o
 *(.init)
 .init          0x08003438        0x4 C:/ST/STM32CubeIDE_1.16.1/STM32CubeIDE/plugins/com.st.stm32cube.ide.mcu.externaltools.gnu-tools-for-stm32.12.3.rel1.win32_1.0.200.202406191623/tools/bin/../lib/gcc/arm-none-eabi/12.3.1/thumb/v7e-m+fp/hard/crti.o
                0x08003438                _init
 .init          0x0800343c        0x8 C:/ST/STM32CubeIDE_1.16.1/STM32CubeIDE/plugins/com.st.stm32cube.ide.mcu.externaltools.gnu-tools-for-stm32.12.3.rel1.win32_1.0.200.202406191623/tools/bin/../lib/gcc/arm-none-eabi/12.3.1/thumb/v7e-m+fp/hard/crtn.o
 *(.fini)
 .fini          0x08003444        0x4 C:/ST/STM32CubeIDE_1.16.1/STM32CubeIDE/plugins/com.st.stm32cube.ide.mcu.externaltools.gnu-tools-for-stm32.12.3.rel1.win32_1.0.200.202406191623/tools/bin/../lib/gcc/arm-none-eabi/12.3.1/thumb/v7e-m+fp/hard/crti.o
                0x08003444                _fini
 .fini          0x08003448        0x8 C:/ST/STM32CubeIDE_1.16.1/STM32CubeIDE/plugins/com.st.stm32cube.ide.mcu.externaltools.gnu-tools-for-stm32.12.3.rel1.win32_1.0.200.202406191623/tools/bin/../lib/gcc/arm-none-eabi/12.3.1/thumb/v7e-m+fp/hard/crtn.o
                0x08003450                        . = ALIGN (0x4)
                0x08003450                        _etext = .

.vfp11_veneer   0x08003450        0x0
 .vfp11_veneer  0x08003450        0x0 linker stubs

.v4_bx          0x08003450        0x0
 .v4_bx         0x08003450        0x0 linker stubs

.iplt           0x08003450        0x0
 .iplt          0x08003450        0x0 C:/ST/STM32CubeIDE_1.16.1/STM32CubeIDE/plugins/com.st.stm32cube.ide.mcu.externaltools.gnu-tools-for-stm32.12.3.rel1.win32_1.0.200.202406191623/tools/bin/../lib/gcc/arm-none-eabi/12.3.1/thumb/v7e-m+fp/hard/crtbegin.o

.rodata         0x08003450       0x88
                0x08003450                        . = ALIGN (0x4)
 *(.rodata)
 *(.rodata*)
 .rodata.APBPrescTable
                0x08003450        0x8 ./Core/Src/system_stm32f4xx.o
                0x08003450                APBPrescTable
 .rodata.AHBPrescTable
                0x08003458       0x10 ./Core/Src/system_stm32f4xx.o
                0x08003458                AHBPrescTable
 .rodata.CSWTCH.9
                0x08003468       0x18 C:/ST/STM32CubeIDE_1.16.1/STM32CubeIDE/plugins/com.st.stm32cube.ide.mcu.externaltools.gnu-tools-for-stm32.12.3.rel1.win32_1.0.200.202406191623/tools/bin/../lib/gcc/arm-none-eabi/12.3.1/../../../../arm-none-eabi/lib/thumb/v7e-m+fp/hard\libm.a(libm_a-e_atan2.o)
 .rodata.CSWTCH.8
                0x08003480       0x18 C:/ST/STM32CubeIDE_1.16.1/STM32CubeIDE/plugins/com.st.stm32cube.ide.mcu.externaltools.gnu-tools-for-stm32.12.3.rel1.win32_1.0.200.202406191623/tools/bin/../lib/gcc/arm-none-eabi/12.3.1/../../../../arm-none-eabi/lib/thumb/v7e-m+fp/hard\libm.a(libm_a-e_atan2.o)
 .rodata.atanlo
                0x08003498       0x20 C:/ST/STM32CubeIDE_1.16.1/STM32CubeIDE/plugins/com.st.stm32cube.ide.mcu.externaltools.gnu-tools-for-stm32.12.3.rel1.win32_1.0.200.202406191623/tools/bin/../lib/gcc/arm-none-eabi/12.3.1/../../../../arm-none-eabi/lib/thumb/v7e-m+fp/hard\libm.a(libm_a-s_atan.o)
 .rodata.atanhi
                0x080034b8       0x20 C:/ST/STM32CubeIDE_1.16.1/STM32CubeIDE/plugins/com.st.stm32cube.ide.mcu.externaltools.gnu-tools-for-stm32.12.3.rel1.win32_1.0.200.202406191623/tools/bin/../lib/gcc/arm-none-eabi/12.3.1/../../../../arm-none-eabi/lib/thumb/v7e-m+fp/hard\libm.a(libm_a-s_atan.o)
                0x080034d8                        . = ALIGN (0x4)

.ARM.extab      0x080034d8        0x0
                0x080034d8                        . = ALIGN (0x4)
 *(.ARM.extab* .gnu.linkonce.armextab.*)
                0x080034d8                        . = ALIGN (0x4)

.ARM            0x080034d8        0x8
                0x080034d8                        . = ALIGN (0x4)
                0x080034d8                        __exidx_start = .
 *(.ARM.exidx*)
 .ARM.exidx     0x080034d8        0x8 C:/ST/STM32CubeIDE_1.16.1/STM32CubeIDE/plugins/com.st.stm32cube.ide.mcu.externaltools.gnu-tools-for-stm32.12.3.rel1.win32_1.0.200.202406191623/tools/bin/../lib/gcc/arm-none-eabi/12.3.1/thumb/v7e-m+fp/hard\libgcc.a(_udivmoddi4.o)
                0x080034e0                        __exidx_end = .
                0x080034e0                        . = ALIGN (0x4)

.preinit_array  0x080034e0        0x0
                0x080034e0                        . = ALIGN (0x4)
                0x080034e0                        PROVIDE (__preinit_array_start = .)
 *(.preinit_array*)
                0x080034e0                        PROVIDE (__preinit_array_end = .)
                0x080034e0                        . = ALIGN (0x4)

.init_array     0x080034e0        0x4
                0x080034e0                        . = ALIGN (0x4)
                0x080034e0                        PROVIDE (__init_array_start = .)
 *(SORT_BY_NAME(.init_array.*))
 *(.init_array*)
 .init_array    0x080034e0        0x4 C:/ST/STM32CubeIDE_1.16.1/STM32CubeIDE/plugins/com.st.stm32cube.ide.mcu.externaltools.gnu-tools-for-stm32.12.3.rel1.win32_1.0.200.202406191623/tools/bin/../lib/gcc/arm-none-eabi/12.3.1/thumb/v7e-m+fp/hard/crtbegin.o
                0x080034e4                        PROVIDE (__init_array_end = .)
                0x080034e4                        . = ALIGN (0x4)

.fini_array     0x080034e4        0x4
                0x080034e4                        . = ALIGN (0x4)
                [!provide]                        PROVIDE (__fini_array_start = .)
 *(SORT_BY_NAME(.fini_array.*))
 *(.fini_array*)
 .fini_array    0x080034e4        0x4 C:/ST/STM32CubeIDE_1.16.1/STM32CubeIDE/plugins/com.st.stm32cube.ide.mcu.externaltools.gnu-tools-for-stm32.12.3.rel1.win32_1.0.200.202406191623/tools/bin/../lib/gcc/arm-none-eabi/12.3.1/thumb/v7e-m+fp/hard/crtbegin.o
                [!provide]                        PROVIDE (__fini_array_end = .)
                0x080034e8                        . = ALIGN (0x4)
                0x080034e8                        _sidata = LOADADDR (.data)

.rel.dyn        0x080034e8        0x0
 .rel.iplt      0x080034e8        0x0 C:/ST/STM32CubeIDE_1.16.1/STM32CubeIDE/plugins/com.st.stm32cube.ide.mcu.externaltools.gnu-tools-for-stm32.12.3.rel1.win32_1.0.200.202406191623/tools/bin/../lib/gcc/arm-none-eabi/12.3.1/thumb/v7e-m+fp/hard/crtbegin.o

.data           0x20000000       0x14 load address 0x080034e8
                0x20000000                        . = ALIGN (0x4)
                0x20000000                        _sdata = .
 *(.data)
 *(.data*)
 .data.escY     0x20000000        0x4 ./Core/Src/boatCompass.o
                0x20000000                escY
 .data.escX     0x20000004        0x4 ./Core/Src/boatCompass.o
                0x20000004                escX
 .data.SystemCoreClock
                0x20000008        0x4 ./Core/Src/system_stm32f4xx.o
                0x20000008                SystemCoreClock
 .data.uwTickFreq
                0x2000000c        0x1 ./Drivers/STM32F4xx_HAL_Driver/Src/stm32f4xx_hal.o
                0x2000000c                uwTickFreq
 *fill*         0x2000000d        0x3 
 .data.uwTickPrio
                0x20000010        0x4 ./Drivers/STM32F4xx_HAL_Driver/Src/stm32f4xx_hal.o
                0x20000010                uwTickPrio
 *(.RamFunc)
 *(.RamFunc*)
                0x20000014                        . = ALIGN (0x4)
                0x20000014                        _edata = .

.igot.plt       0x20000014        0x0 load address 0x080034fc
 .igot.plt      0x20000014        0x0 C:/ST/STM32CubeIDE_1.16.1/STM32CubeIDE/plugins/com.st.stm32cube.ide.mcu.externaltools.gnu-tools-for-stm32.12.3.rel1.win32_1.0.200.202406191623/tools/bin/../lib/gcc/arm-none-eabi/12.3.1/thumb/v7e-m+fp/hard/crtbegin.o
                0x20000014                        . = ALIGN (0x4)

.bss            0x20000014      0x1b8 load address 0x080034fc
                0x20000014                        _sbss = .
                0x20000014                        __bss_start__ = _sbss
 *(.bss)
 .bss           0x20000014       0x1c C:/ST/STM32CubeIDE_1.16.1/STM32CubeIDE/plugins/com.st.stm32cube.ide.mcu.externaltools.gnu-tools-for-stm32.12.3.rel1.win32_1.0.200.202406191623/tools/bin/../lib/gcc/arm-none-eabi/12.3.1/thumb/v7e-m+fp/hard/crtbegin.o
 *(.bss*)
 .bss.mode      0x20000030        0x1 ./Core/Src/HMC5883L.o
 .bss.buffer    0x20000031        0x6 ./Core/Src/HMC5883L.o
 .bss.devAddr   0x20000037        0x1 ./Core/Src/HMC5883L.o
 .bss.I2Cdev_hi2c
                0x20000038        0x4 ./Core/Src/I2Cdev.o
 .bss.declination
                0x2000003c        0x4 ./Core/Src/boatCompass.o
                0x2000003c                declination
 .bss.offY      0x20000040        0x2 ./Core/Src/boatCompass.o
                0x20000040                offY
 .bss.offX      0x20000042        0x2 ./Core/Src/boatCompass.o
                0x20000042                offX
 .bss.yMax      0x20000044        0x2 ./Core/Src/boatCompass.o
                0x20000044                yMax
 .bss.xMax      0x20000046        0x2 ./Core/Src/boatCompass.o
                0x20000046                xMax
 .bss.yMin      0x20000048        0x2 ./Core/Src/boatCompass.o
                0x20000048                yMin
 .bss.xMin      0x2000004a        0x2 ./Core/Src/boatCompass.o
                0x2000004a                xMin
 .bss.iniciou   0x2000004c        0x4 ./Core/Src/main.o
                0x2000004c                iniciou
 .bss.teste     0x20000050        0x2 ./Core/Src/main.o
                0x20000050                teste
 *fill*         0x20000052        0x2 
 .bss.huart3    0x20000054       0x48 ./Core/Src/main.o
                0x20000054                huart3
 .bss.huart2    0x2000009c       0x48 ./Core/Src/main.o
                0x2000009c                huart2
 .bss.htim4     0x200000e4       0x48 ./Core/Src/main.o
                0x200000e4                htim4
 .bss.htim3     0x2000012c       0x48 ./Core/Src/main.o
                0x2000012c                htim3
 .bss.hi2c1     0x20000174       0x54 ./Core/Src/main.o
                0x20000174                hi2c1
 .bss.uwTick    0x200001c8        0x4 ./Drivers/STM32F4xx_HAL_Driver/Src/stm32f4xx_hal.o
                0x200001c8                uwTick
 *(COMMON)
                0x200001cc                        . = ALIGN (0x4)
                0x200001cc                        _ebss = .
                0x200001cc                        __bss_end__ = _ebss

._user_heap_stack
                0x200001cc      0x604 load address 0x080034fc
                0x200001d0                        . = ALIGN (0x8)
 *fill*         0x200001cc        0x4 
                [!provide]                        PROVIDE (end = .)
                0x200001d0                        PROVIDE (_end = .)
                0x200003d0                        . = (. + _Min_Heap_Size)
 *fill*         0x200001d0      0x200 
                0x200007d0                        . = (. + _Min_Stack_Size)
 *fill*         0x200003d0      0x400 
                0x200007d0                        . = ALIGN (0x8)

/DISCARD/
 libc.a(*)
 libm.a(*)
 libgcc.a(*)

.ARM.attributes
                0x00000000       0x30
 *(.ARM.attributes)
 .ARM.attributes
                0x00000000       0x22 C:/ST/STM32CubeIDE_1.16.1/STM32CubeIDE/plugins/com.st.stm32cube.ide.mcu.externaltools.gnu-tools-for-stm32.12.3.rel1.win32_1.0.200.202406191623/tools/bin/../lib/gcc/arm-none-eabi/12.3.1/thumb/v7e-m+fp/hard/crti.o
 .ARM.attributes
                0x00000022       0x34 C:/ST/STM32CubeIDE_1.16.1/STM32CubeIDE/plugins/com.st.stm32cube.ide.mcu.externaltools.gnu-tools-for-stm32.12.3.rel1.win32_1.0.200.202406191623/tools/bin/../lib/gcc/arm-none-eabi/12.3.1/thumb/v7e-m+fp/hard/crtbegin.o
 .ARM.attributes
                0x00000056       0x34 ./Core/Src/HMC5883L.o
 .ARM.attributes
                0x0000008a       0x34 ./Core/Src/I2Cdev.o
 .ARM.attributes
                0x000000be       0x34 ./Core/Src/boatCompass.o
 .ARM.attributes
                0x000000f2       0x34 ./Core/Src/main.o
 .ARM.attributes
                0x00000126       0x34 ./Core/Src/stm32f4xx_hal_msp.o
 .ARM.attributes
                0x0000015a       0x34 ./Core/Src/stm32f4xx_it.o
 .ARM.attributes
                0x0000018e       0x34 ./Core/Src/system_stm32f4xx.o
 .ARM.attributes
                0x000001c2       0x21 ./Core/Startup/startup_stm32f446retx.o
 .ARM.attributes
                0x000001e3       0x34 ./Drivers/STM32F4xx_HAL_Driver/Src/stm32f4xx_hal.o
 .ARM.attributes
                0x00000217       0x34 ./Drivers/STM32F4xx_HAL_Driver/Src/stm32f4xx_hal_cortex.o
 .ARM.attributes
                0x0000024b       0x34 ./Drivers/STM32F4xx_HAL_Driver/Src/stm32f4xx_hal_gpio.o
 .ARM.attributes
                0x0000027f       0x34 ./Drivers/STM32F4xx_HAL_Driver/Src/stm32f4xx_hal_i2c.o
 .ARM.attributes
                0x000002b3       0x34 ./Drivers/STM32F4xx_HAL_Driver/Src/stm32f4xx_hal_rcc.o
 .ARM.attributes
                0x000002e7       0x34 ./Drivers/STM32F4xx_HAL_Driver/Src/stm32f4xx_hal_rcc_ex.o
 .ARM.attributes
                0x0000031b       0x34 ./Drivers/STM32F4xx_HAL_Driver/Src/stm32f4xx_hal_tim.o
 .ARM.attributes
                0x0000034f       0x34 ./Drivers/STM32F4xx_HAL_Driver/Src/stm32f4xx_hal_tim_ex.o
 .ARM.attributes
                0x00000383       0x34 ./Drivers/STM32F4xx_HAL_Driver/Src/stm32f4xx_hal_uart.o
 .ARM.attributes
                0x000003b7       0x34 C:/ST/STM32CubeIDE_1.16.1/STM32CubeIDE/plugins/com.st.stm32cube.ide.mcu.externaltools.gnu-tools-for-stm32.12.3.rel1.win32_1.0.200.202406191623/tools/bin/../lib/gcc/arm-none-eabi/12.3.1/../../../../arm-none-eabi/lib/thumb/v7e-m+fp/hard\libc_nano.a(libc_a-memset.o)
 .ARM.attributes
                0x000003eb       0x34 C:/ST/STM32CubeIDE_1.16.1/STM32CubeIDE/plugins/com.st.stm32cube.ide.mcu.externaltools.gnu-tools-for-stm32.12.3.rel1.win32_1.0.200.202406191623/tools/bin/../lib/gcc/arm-none-eabi/12.3.1/../../../../arm-none-eabi/lib/thumb/v7e-m+fp/hard\libc_nano.a(libc_a-init.o)
 .ARM.attributes
                0x0000041f       0x34 C:/ST/STM32CubeIDE_1.16.1/STM32CubeIDE/plugins/com.st.stm32cube.ide.mcu.externaltools.gnu-tools-for-stm32.12.3.rel1.win32_1.0.200.202406191623/tools/bin/../lib/gcc/arm-none-eabi/12.3.1/../../../../arm-none-eabi/lib/thumb/v7e-m+fp/hard\libm.a(libm_a-w_atan2.o)
 .ARM.attributes
                0x00000453       0x34 C:/ST/STM32CubeIDE_1.16.1/STM32CubeIDE/plugins/com.st.stm32cube.ide.mcu.externaltools.gnu-tools-for-stm32.12.3.rel1.win32_1.0.200.202406191623/tools/bin/../lib/gcc/arm-none-eabi/12.3.1/../../../../arm-none-eabi/lib/thumb/v7e-m+fp/hard\libm.a(libm_a-s_round.o)
 .ARM.attributes
                0x00000487       0x34 C:/ST/STM32CubeIDE_1.16.1/STM32CubeIDE/plugins/com.st.stm32cube.ide.mcu.externaltools.gnu-tools-for-stm32.12.3.rel1.win32_1.0.200.202406191623/tools/bin/../lib/gcc/arm-none-eabi/12.3.1/../../../../arm-none-eabi/lib/thumb/v7e-m+fp/hard\libm.a(libm_a-e_atan2.o)
 .ARM.attributes
                0x000004bb       0x34 C:/ST/STM32CubeIDE_1.16.1/STM32CubeIDE/plugins/com.st.stm32cube.ide.mcu.externaltools.gnu-tools-for-stm32.12.3.rel1.win32_1.0.200.202406191623/tools/bin/../lib/gcc/arm-none-eabi/12.3.1/../../../../arm-none-eabi/lib/thumb/v7e-m+fp/hard\libm.a(libm_a-s_atan.o)
 .ARM.attributes
                0x000004ef       0x34 C:/ST/STM32CubeIDE_1.16.1/STM32CubeIDE/plugins/com.st.stm32cube.ide.mcu.externaltools.gnu-tools-for-stm32.12.3.rel1.win32_1.0.200.202406191623/tools/bin/../lib/gcc/arm-none-eabi/12.3.1/../../../../arm-none-eabi/lib/thumb/v7e-m+fp/hard\libm.a(libm_a-s_fabs.o)
 .ARM.attributes
                0x00000523       0x22 C:/ST/STM32CubeIDE_1.16.1/STM32CubeIDE/plugins/com.st.stm32cube.ide.mcu.externaltools.gnu-tools-for-stm32.12.3.rel1.win32_1.0.200.202406191623/tools/bin/../lib/gcc/arm-none-eabi/12.3.1/thumb/v7e-m+fp/hard\libgcc.a(_arm_addsubdf3.o)
 .ARM.attributes
                0x00000545       0x22 C:/ST/STM32CubeIDE_1.16.1/STM32CubeIDE/plugins/com.st.stm32cube.ide.mcu.externaltools.gnu-tools-for-stm32.12.3.rel1.win32_1.0.200.202406191623/tools/bin/../lib/gcc/arm-none-eabi/12.3.1/thumb/v7e-m+fp/hard\libgcc.a(_arm_muldivdf3.o)
 .ARM.attributes
                0x00000567       0x22 C:/ST/STM32CubeIDE_1.16.1/STM32CubeIDE/plugins/com.st.stm32cube.ide.mcu.externaltools.gnu-tools-for-stm32.12.3.rel1.win32_1.0.200.202406191623/tools/bin/../lib/gcc/arm-none-eabi/12.3.1/thumb/v7e-m+fp/hard\libgcc.a(_arm_cmpdf2.o)
 .ARM.attributes
                0x00000589       0x22 C:/ST/STM32CubeIDE_1.16.1/STM32CubeIDE/plugins/com.st.stm32cube.ide.mcu.externaltools.gnu-tools-for-stm32.12.3.rel1.win32_1.0.200.202406191623/tools/bin/../lib/gcc/arm-none-eabi/12.3.1/thumb/v7e-m+fp/hard\libgcc.a(_arm_fixdfsi.o)
 .ARM.attributes
                0x000005ab       0x22 C:/ST/STM32CubeIDE_1.16.1/STM32CubeIDE/plugins/com.st.stm32cube.ide.mcu.externaltools.gnu-tools-for-stm32.12.3.rel1.win32_1.0.200.202406191623/tools/bin/../lib/gcc/arm-none-eabi/12.3.1/thumb/v7e-m+fp/hard\libgcc.a(_arm_truncdfsf2.o)
 .ARM.attributes
                0x000005cd       0x22 C:/ST/STM32CubeIDE_1.16.1/STM32CubeIDE/plugins/com.st.stm32cube.ide.mcu.externaltools.gnu-tools-for-stm32.12.3.rel1.win32_1.0.200.202406191623/tools/bin/../lib/gcc/arm-none-eabi/12.3.1/thumb/v7e-m+fp/hard\libgcc.a(_aeabi_uldivmod.o)
 .ARM.attributes
                0x000005ef       0x34 C:/ST/STM32CubeIDE_1.16.1/STM32CubeIDE/plugins/com.st.stm32cube.ide.mcu.externaltools.gnu-tools-for-stm32.12.3.rel1.win32_1.0.200.202406191623/tools/bin/../lib/gcc/arm-none-eabi/12.3.1/thumb/v7e-m+fp/hard\libgcc.a(_udivmoddi4.o)
 .ARM.attributes
                0x00000623       0x22 C:/ST/STM32CubeIDE_1.16.1/STM32CubeIDE/plugins/com.st.stm32cube.ide.mcu.externaltools.gnu-tools-for-stm32.12.3.rel1.win32_1.0.200.202406191623/tools/bin/../lib/gcc/arm-none-eabi/12.3.1/thumb/v7e-m+fp/hard\libgcc.a(_dvmd_tls.o)
 .ARM.attributes
                0x00000645       0x22 C:/ST/STM32CubeIDE_1.16.1/STM32CubeIDE/plugins/com.st.stm32cube.ide.mcu.externaltools.gnu-tools-for-stm32.12.3.rel1.win32_1.0.200.202406191623/tools/bin/../lib/gcc/arm-none-eabi/12.3.1/thumb/v7e-m+fp/hard/crtn.o
OUTPUT(Barcov2.elf elf32-littlearm)
LOAD linker stubs
LOAD C:/ST/STM32CubeIDE_1.16.1/STM32CubeIDE/plugins/com.st.stm32cube.ide.mcu.externaltools.gnu-tools-for-stm32.12.3.rel1.win32_1.0.200.202406191623/tools/bin/../lib/gcc/arm-none-eabi/12.3.1/../../../../arm-none-eabi/lib/thumb/v7e-m+fp/hard\libc.a
LOAD C:/ST/STM32CubeIDE_1.16.1/STM32CubeIDE/plugins/com.st.stm32cube.ide.mcu.externaltools.gnu-tools-for-stm32.12.3.rel1.win32_1.0.200.202406191623/tools/bin/../lib/gcc/arm-none-eabi/12.3.1/../../../../arm-none-eabi/lib/thumb/v7e-m+fp/hard\libm.a
LOAD C:/ST/STM32CubeIDE_1.16.1/STM32CubeIDE/plugins/com.st.stm32cube.ide.mcu.externaltools.gnu-tools-for-stm32.12.3.rel1.win32_1.0.200.202406191623/tools/bin/../lib/gcc/arm-none-eabi/12.3.1/thumb/v7e-m+fp/hard\libgcc.a

.comment        0x00000000       0x43
 .comment       0x00000000       0x43 ./Core/Src/HMC5883L.o
                                 0x44 (size before relaxing)
 .comment       0x00000043       0x44 ./Core/Src/I2Cdev.o
 .comment       0x00000043       0x44 ./Core/Src/boatCompass.o
 .comment       0x00000043       0x44 ./Core/Src/main.o
 .comment       0x00000043       0x44 ./Core/Src/stm32f4xx_hal_msp.o
 .comment       0x00000043       0x44 ./Core/Src/stm32f4xx_it.o
 .comment       0x00000043       0x44 ./Core/Src/system_stm32f4xx.o
 .comment       0x00000043       0x44 ./Drivers/STM32F4xx_HAL_Driver/Src/stm32f4xx_hal.o
 .comment       0x00000043       0x44 ./Drivers/STM32F4xx_HAL_Driver/Src/stm32f4xx_hal_cortex.o
 .comment       0x00000043       0x44 ./Drivers/STM32F4xx_HAL_Driver/Src/stm32f4xx_hal_gpio.o
 .comment       0x00000043       0x44 ./Drivers/STM32F4xx_HAL_Driver/Src/stm32f4xx_hal_i2c.o
 .comment       0x00000043       0x44 ./Drivers/STM32F4xx_HAL_Driver/Src/stm32f4xx_hal_rcc.o
 .comment       0x00000043       0x44 ./Drivers/STM32F4xx_HAL_Driver/Src/stm32f4xx_hal_rcc_ex.o
 .comment       0x00000043       0x44 ./Drivers/STM32F4xx_HAL_Driver/Src/stm32f4xx_hal_tim.o
 .comment       0x00000043       0x44 ./Drivers/STM32F4xx_HAL_Driver/Src/stm32f4xx_hal_tim_ex.o
 .comment       0x00000043       0x44 ./Drivers/STM32F4xx_HAL_Driver/Src/stm32f4xx_hal_uart.o

.debug_frame    0x00000000      0x39c
 .debug_frame   0x00000000       0x20 C:/ST/STM32CubeIDE_1.16.1/STM32CubeIDE/plugins/com.st.stm32cube.ide.mcu.externaltools.gnu-tools-for-stm32.12.3.rel1.win32_1.0.200.202406191623/tools/bin/../lib/gcc/arm-none-eabi/12.3.1/../../../../arm-none-eabi/lib/thumb/v7e-m+fp/hard\libc_nano.a(libc_a-memset.o)
 .debug_frame   0x00000020       0x2c C:/ST/STM32CubeIDE_1.16.1/STM32CubeIDE/plugins/com.st.stm32cube.ide.mcu.externaltools.gnu-tools-for-stm32.12.3.rel1.win32_1.0.200.202406191623/tools/bin/../lib/gcc/arm-none-eabi/12.3.1/../../../../arm-none-eabi/lib/thumb/v7e-m+fp/hard\libc_nano.a(libc_a-init.o)
 .debug_frame   0x0000004c       0x20 C:/ST/STM32CubeIDE_1.16.1/STM32CubeIDE/plugins/com.st.stm32cube.ide.mcu.externaltools.gnu-tools-for-stm32.12.3.rel1.win32_1.0.200.202406191623/tools/bin/../lib/gcc/arm-none-eabi/12.3.1/../../../../arm-none-eabi/lib/thumb/v7e-m+fp/hard\libm.a(libm_a-w_atan2.o)
 .debug_frame   0x0000006c       0x2c C:/ST/STM32CubeIDE_1.16.1/STM32CubeIDE/plugins/com.st.stm32cube.ide.mcu.externaltools.gnu-tools-for-stm32.12.3.rel1.win32_1.0.200.202406191623/tools/bin/../lib/gcc/arm-none-eabi/12.3.1/../../../../arm-none-eabi/lib/thumb/v7e-m+fp/hard\libm.a(libm_a-s_round.o)
 .debug_frame   0x00000098       0x44 C:/ST/STM32CubeIDE_1.16.1/STM32CubeIDE/plugins/com.st.stm32cube.ide.mcu.externaltools.gnu-tools-for-stm32.12.3.rel1.win32_1.0.200.202406191623/tools/bin/../lib/gcc/arm-none-eabi/12.3.1/../../../../arm-none-eabi/lib/thumb/v7e-m+fp/hard\libm.a(libm_a-e_atan2.o)
 .debug_frame   0x000000dc       0x38 C:/ST/STM32CubeIDE_1.16.1/STM32CubeIDE/plugins/com.st.stm32cube.ide.mcu.externaltools.gnu-tools-for-stm32.12.3.rel1.win32_1.0.200.202406191623/tools/bin/../lib/gcc/arm-none-eabi/12.3.1/../../../../arm-none-eabi/lib/thumb/v7e-m+fp/hard\libm.a(libm_a-s_atan.o)
 .debug_frame   0x00000114       0x20 C:/ST/STM32CubeIDE_1.16.1/STM32CubeIDE/plugins/com.st.stm32cube.ide.mcu.externaltools.gnu-tools-for-stm32.12.3.rel1.win32_1.0.200.202406191623/tools/bin/../lib/gcc/arm-none-eabi/12.3.1/../../../../arm-none-eabi/lib/thumb/v7e-m+fp/hard\libm.a(libm_a-s_fabs.o)
 .debug_frame   0x00000134       0xac C:/ST/STM32CubeIDE_1.16.1/STM32CubeIDE/plugins/com.st.stm32cube.ide.mcu.externaltools.gnu-tools-for-stm32.12.3.rel1.win32_1.0.200.202406191623/tools/bin/../lib/gcc/arm-none-eabi/12.3.1/thumb/v7e-m+fp/hard\libgcc.a(_arm_addsubdf3.o)
 .debug_frame   0x000001e0       0x50 C:/ST/STM32CubeIDE_1.16.1/STM32CubeIDE/plugins/com.st.stm32cube.ide.mcu.externaltools.gnu-tools-for-stm32.12.3.rel1.win32_1.0.200.202406191623/tools/bin/../lib/gcc/arm-none-eabi/12.3.1/thumb/v7e-m+fp/hard\libgcc.a(_arm_muldivdf3.o)
 .debug_frame   0x00000230       0xc4 C:/ST/STM32CubeIDE_1.16.1/STM32CubeIDE/plugins/com.st.stm32cube.ide.mcu.externaltools.gnu-tools-for-stm32.12.3.rel1.win32_1.0.200.202406191623/tools/bin/../lib/gcc/arm-none-eabi/12.3.1/thumb/v7e-m+fp/hard\libgcc.a(_arm_cmpdf2.o)
 .debug_frame   0x000002f4       0x24 C:/ST/STM32CubeIDE_1.16.1/STM32CubeIDE/plugins/com.st.stm32cube.ide.mcu.externaltools.gnu-tools-for-stm32.12.3.rel1.win32_1.0.200.202406191623/tools/bin/../lib/gcc/arm-none-eabi/12.3.1/thumb/v7e-m+fp/hard\libgcc.a(_arm_fixdfsi.o)
 .debug_frame   0x00000318       0x24 C:/ST/STM32CubeIDE_1.16.1/STM32CubeIDE/plugins/com.st.stm32cube.ide.mcu.externaltools.gnu-tools-for-stm32.12.3.rel1.win32_1.0.200.202406191623/tools/bin/../lib/gcc/arm-none-eabi/12.3.1/thumb/v7e-m+fp/hard\libgcc.a(_arm_truncdfsf2.o)
 .debug_frame   0x0000033c       0x2c C:/ST/STM32CubeIDE_1.16.1/STM32CubeIDE/plugins/com.st.stm32cube.ide.mcu.externaltools.gnu-tools-for-stm32.12.3.rel1.win32_1.0.200.202406191623/tools/bin/../lib/gcc/arm-none-eabi/12.3.1/thumb/v7e-m+fp/hard\libgcc.a(_aeabi_uldivmod.o)
 .debug_frame   0x00000368       0x34 C:/ST/STM32CubeIDE_1.16.1/STM32CubeIDE/plugins/com.st.stm32cube.ide.mcu.externaltools.gnu-tools-for-stm32.12.3.rel1.win32_1.0.200.202406191623/tools/bin/../lib/gcc/arm-none-eabi/12.3.1/thumb/v7e-m+fp/hard\libgcc.a(_udivmoddi4.o)
